cluster  alpha (rung: env, <socket>)
mrvl://  off
bus      none

AGENT NAME  STATE    HEALTH   CTX%  LAST-ACTIVE  LLM  TOUT  RATE
agent-a     running  healthy  -     -            -    -     -
agent-b     running  healthy  -     -            -    -     -
agent-c     running  healthy  -     -            -    -     -
9 columns hidden at this width
